@Article{x,
  month =        MAR # "\slash " # APR,
  month =        MAR # "\slash" # APR,
  month =        mar # "\slash " # apr,
  month =        mar # "\slash" # apr,
  month =        MAR # "- " # APR,
  month =        MAR # "-" # APR,
  month =        mar # "- " # apr,
  month =        mar # "-" # apr,
  month =        MAR # "-- " # APR,
  month =        MAR # "--" # APR,
  month =        mar # "-- " # apr,
  month =        mar # "--" # apr,
  month =        MAR # " -- " # APR,
  month =        MAR # "--" # APR,
  month =        mar # " -- " # apr,
  month =        mar # "--" # apr,
  month =        MAR # " \endash{} " # APR,
  month =        MAR # "\endash{} " # APR,
  month =        mar # " \endash{} " # apr,
  month =        mar # "\endash{} " # apr,
  month =        MAR # " \endash " # APR,
  month =        MAR # "\endash " # APR,
  month =        mar # " \endash " # apr,
  month =        mar # "\endash " # apr,
  month =        mar # "\slash " # APR,
  month =        mar # "\slash" # APR,
  month =        mar # "\slash " # apr,
  month =        mar # "\slash" # apr,
  month =        mar # "- " # APR,
  month =        mar # "-" # APR,
  month =        mar # "- " # apr,
  month =        mar # "-" # apr,
  month =        mar # "-- " # APR,
  month =        mar # "--" # APR,
  month =        mar # "-- " # apr,
  month =        mar # "--" # apr,
  month =        mar # " -- " # APR,
  month =        mar # "--" # APR,
  month =        mar # " -- " # apr,
  month =        mar # "--" # apr,
  month =        mar # " \endash{} " # APR,
  month =        mar # "\endash{} " # APR,
  month =        mar # " \endash{} " # apr,
  month =        mar # "\endash{} " # apr,
  month =        mar # " \endash " # APR,
  month =        mar # "\endash " # APR,
  month =        mar # " \endash " # apr,
  month =        mar # "\endash " # apr,
  month =        MAR # "\slash " # apr,
  month =        MAR # "\slash" # apr,
  month =        mar # "\slash " # apr,
  month =        mar # "\slash" # apr,
  month =        MAR # "- " # apr,
  month =        MAR # "-" # apr,
  month =        mar # "- " # apr,
  month =        mar # "-" # apr,
  month =        MAR # "-- " # apr,
  month =        MAR # "--" # apr,
  month =        mar # "-- " # apr,
  month =        mar # "--" # apr,
  month =        MAR # " -- " # apr,
  month =        MAR # "--" # apr,
  month =        mar # " -- " # apr,
  month =        mar # "--" # apr,
  month =        MAR # " \endash{} " # apr,
  month =        MAR # "\endash{} " # apr,
  month =        mar # " \endash{} " # apr,
  month =        mar # "\endash{} " # apr,
  month =        MAR # " \endash " # apr,
  month =        MAR # "\endash " # apr,
  month =        mar # " \endash " # apr,
  month =        mar # "\endash " # apr,
  month =        mar # "\slash " # apr,
  month =        mar # "\slash" # apr,
  month =        mar # "\slash " # apr,
  month =        mar # "\slash" # apr,
  month =        mar # "- " # apr,
  month =        mar # "-" # apr,
  month =        mar # "- " # apr,
  month =        mar # "-" # apr,
  month =        mar # "-- " # apr,
  month =        mar # "--" # apr,
  month =        mar # "-- " # apr,
  month =        mar # "--" # apr,
  month =        mar # " -- " # apr,
  month =        mar # "--" # apr,
  month =        mar # " -- " # apr,
  month =        mar # "--" # apr,
  month =        mar # " \endash{} " # apr,
  month =        mar # "\endash{} " # apr,
  month =        mar # " \endash{} " # apr,
  month =        mar # "\endash{} " # apr,
  month =        mar # " \endash " # apr,
  month =        mar # "\endash " # apr,
  month =        mar # " \endash " # apr,
  month =        mar # "\endash " # apr,
  month =        MAR # "\slash " # APR,
  month =        MAR # "\slash" # APR,
  month =        mar # "\slash " # apr,
  month =        mar # "\slash" # apr,
  month =        MAR # "- " # APR,
  month =        MAR # "-" # APR,
  month =        mar # "- " # apr,
  month =        mar # "-" # apr,
  month =        MAR # "-- " # APR,
  month =        MAR # "--" # APR,
  month =        mar # "-- " # apr,
  month =        mar # "--" # apr,
  month =        MAR # " -- " # APR,
  month =        MAR # "--" # APR,
  month =        mar # " -- " # apr,
  month =        mar # "--" # apr,
  month =        MAR # " \endash{} " # APR,
  month =        MAR # "\endash{} " # APR,
  month =        mar # " \endash{} " # apr,
  month =        mar # "\endash{} " # apr,
  month =        MAR # " \endash " # APR,
  month =        MAR # "\endash " # APR,
  month =        mar # " \endash " # apr,
  month =        mar # "\endash " # apr,
  month =        mar # "\slash " # APR,
  month =        mar # "\slash" # APR,
  month =        mar # "\slash " # apr,
  month =        mar # "\slash" # apr,
  month =        mar # "- " # APR,
  month =        mar # "-" # APR,
  month =        mar # "- " # apr,
  month =        mar # "-" # apr,
  month =        mar # "-- " # APR,
  month =        mar # "--" # APR,
  month =        mar # "-- " # apr,
  month =        mar # "--" # apr,
  month =        mar # " -- " # APR,
  month =        mar # "--" # APR,
  month =        mar # " -- " # apr,
  month =        mar # "--" # apr,
  month =        mar # " \endash{} " # APR,
  month =        mar # "\endash{} " # APR,
  month =        mar # " \endash{} " # apr,
  month =        mar # "\endash{} " # apr,
  month =        mar # " \endash " # APR,
  month =        mar # "\endash " # APR,
  month =        mar # " \endash " # apr,
  month =        mar # "\endash " # apr,
  month =        MAR # "\slash " # apr,
  month =        MAR # "\slash" # apr,
  month =        mar # "\slash " # apr,
  month =        mar # "\slash" # apr,
  month =        MAR # "- " # apr,
  month =        MAR # "-" # apr,
  month =        mar # "- " # apr,
  month =        mar # "-" # apr,
  month =        MAR # "-- " # apr,
  month =        MAR # "--" # apr,
  month =        mar # "-- " # apr,
  month =        mar # "--" # apr,
  month =        MAR # " -- " # apr,
  month =        MAR # "--" # apr,
  month =        mar # " -- " # apr,
  month =        mar # "--" # apr,
  month =        MAR # " \endash{} " # apr,
  month =        MAR # "\endash{} " # apr,
  month =        mar # " \endash{} " # apr,
  month =        mar # "\endash{} " # apr,
  month =        MAR # " \endash " # apr,
  month =        MAR # "\endash " # apr,
  month =        mar # " \endash " # apr,
  month =        mar # "\endash " # apr,
  month =        mar # "\slash " # apr,
  month =        mar # "\slash" # apr,
  month =        mar # "\slash " # apr,
  month =        mar # "\slash" # apr,
  month =        mar # "- " # apr,
  month =        mar # "-" # apr,
  month =        mar # "- " # apr,
  month =        mar # "-" # apr,
  month =        mar # "-- " # apr,
  month =        mar # "--" # apr,
  month =        mar # "-- " # apr,
  month =        mar # "--" # apr,
  month =        mar # " -- " # apr,
  month =        mar # "--" # apr,
  month =        mar # " -- " # apr,
  month =        mar # "--" # apr,
  month =        mar # " \endash{} " # apr,
  month =        mar # "\endash{} " # apr,
  month =        mar # " \endash{} " # apr,
  month =        mar # "\endash{} " # apr,
  month =        mar # " \endash " # apr,
  month =        mar # "\endash " # apr,
  month =        mar # " \endash " # apr,
  month =        mar # "\endash " # apr,
}
