%% /u/sy/beebe/tex/bibclean/testisxn.bib, Thu Nov 12 09:30:41 1992
%% Edit by Nelson H. F. Beebe <beebe at plot79.math.utah.edu>

@Misc{ISSN-test,
  comment =      "The following ISSN values should be valid.",
  ISSN =         "0018-9367",
  ISSN =         "0080-3863",
  ISSN =         "0094-3770",
  ISSN =         "0197-3622",
  ISSN =         "0346-914X",
  ISSN =         "0346-914X",
  ISSN =         "0362-613X",
  ISSN =         "0891-2513",
  ISSN =         "0899-7667",
  ISSN =         "0958-9341",
  ISSN =         "0964-5098",
  ISSN =         "1047-5974",
  ISSN =         "1059-5325",
  ISSN =         "not yet available",
  ISSN =         "",
  comment =      "The following ISSN values have errors in them
                 introduced by perturbing the first digit.",
  ISSN =         "1018-9367",
  ISSN =         "2080-3863",
  ISSN =         "3094-3770",
  ISSN =         "4197-3622",
  ISSN =         "5346-914X",
  ISSN =         "6346-914X",
  ISSN =         "7362-613X",
  ISSN =         "8891-2513",
  ISSN =         "9899-7667",
  ISSN =         "X958-9341",
  ISSN =         "1964-5098",
  ISSN =         "2047-5974",
  ISSN =         "3059-5325",
  comment =      "The following ISSN values have the wrong number of
                 digits.",
  ISSN =         "3",
  ISSN =         "30",
  ISSN =         "305",
  ISSN =         "3059",
  ISSN =         "3059-5",
  ISSN =         "3059-53",
  ISSN =         "3059-532",
  ISSN =         "3059-5325-X",
}

@Misc{ISBN-test,
  comment =      "The following ISBN values should be valid.",
  ISBN =         "0-241-13267-3",
  ISBN =         "0-85331-623-6",
  ISBN =         "0-913720-72-0",
  ISBN =         "0-948905-72-7",
  ISBN =         "0-948905-76-X",
  ISBN =         "0-03-063892-5",
  ISBN =         "0-07-008845-4",
  ISBN =         "0-07-008845-4",
  ISBN =         "0-07-021623-1",
  ISBN =         "0-07-026751-0",
  ISBN =         "0-07-033508-7",
  ISBN =         "0-07-039006-1 (hardback), 0-07-039002-9 (paperback)",
  ISBN =         "0-07-043109-4",
  ISBN =         "0-07-881645-9",
  ISBN =         "0-07-015557-7",
  ISBN =         "0-08-030713-2",
  ISBN =         "0-12-079062-9",
  ISBN =         "0-12-117645-2",
  ISBN =         "0-12-117650-9",
  ISBN =         "0-12-117650-9",
  ISBN =         "0-12-249050-9",
  ISBN =         "0-12-249051-7",
  ISBN =         "0-12-257960-7",
  ISBN =         "0-12-286160-4",
  ISBN =         "0-12-286165-5",
  ISBN =         "0-12-289255-0",
  ISBN =         "0-12-305340-4",
  ISBN =         "0-12-460515-X",
  ISBN =         "0-12-460515-X",
  ISBN =         "0-12-557580-7",
  ISBN =         "0-12-697545-0",
  ISBN =         "0-13-010778-6",
  ISBN =         "0-13-010778-6",
  ISBN =         "0-13-043530-9",
  ISBN =         "0-13-049189-6",
  ISBN =         "0-13-109802-0",
  ISBN =         "0-13-110008-4",
  ISBN =         "0-13-110933-2",
  ISBN =         "0-13-120486-6",
  ISBN =         "0-13-155045-4",
  ISBN =         "0-13-162959-X",
  ISBN =         "0-13-365412-5",
  ISBN =         "0-13-472242-6",
  ISBN =         "0-13-497074-8",
  ISBN =         "0-13-536657-7",
  ISBN =         "0-13-554619-2",
  ISBN =         "0-13-567090-X",
  ISBN =         "0-13-580944-4",
  ISBN =         "0-13-588187-0",
  ISBN =         "0-13-590464-1",
  ISBN =         "0-13-590472-2",
  ISBN =         "0-13-627258-4",
  ISBN =         "0-13-640616-5",
  ISBN =         "0-13-640673-4",
  ISBN =         "0-13-640681-5",
  ISBN =         "0-13-685835-X",
  ISBN =         "0-13-685843-0",
  ISBN =         "0-13-685850-3",
  ISBN =         "0-13-685868-6",
  ISBN =         "0-13-685876-7",
  ISBN =         "0-13-685884-8",
  ISBN =         "0-13-685892-9",
  ISBN =         "0-13-685967-4",
  ISBN =         "0-13-812611-9",
  ISBN =         "0-13-812611-9",
  ISBN =         "0-13-822064-6",
  ISBN =         "0-13-825001-4",
  ISBN =         "0-13-838012-0",
  ISBN =         "0-13-855974-0",
  ISBN =         "0-13-880733-7",
  ISBN =         "0-13-912296-6",
  ISBN =         "0-13-912296-6",
  ISBN =         "0-13-933441-6",
  ISBN =         "0-13-945593-0",
  ISBN =         "0-13-949876-1",
  ISBN =         "0-13-972167-3",
  ISBN =         "0-13-982992-X",
  ISBN =         "0-19-212983-X",
  ISBN =         "0-19-505838-0",
  ISBN =         "0-19-853387-X",
  ISBN =         "0-19-853387-X",
  ISBN =         "0-19-853443-4",
  ISBN =         "0-19-853755-7 (hardback), 0-19-853756-5 (paperback)",
  ISBN =         "0-201-05866-9",
  ISBN =         "0-201-05992-4",
  ISBN =         "0-201-06008-6",
  ISBN =         "0-201-06663-7",
  ISBN =         "0-201-06663-7",
  ISBN =         "0-201-06672-6",
  ISBN =         "0-201-06672-6",
  ISBN =         "0-201-06673-4",
  ISBN =         "0-201-06755-2",
  ISBN =         "0-201-06824-9",
  ISBN =         "0-201-06896-6",
  ISBN =         "0-201-07981-X",
  ISBN =         "0-201-08017-6",
  ISBN =         "0-201-08319-1",
  ISBN =         "0-201-08319-1",
  ISBN =         "0-201-09346-4 (hardback), 0-201-09356-1 (paperback)",
  ISBN =         "0-201-09355-3",
  ISBN =         "0-201-09528-9",
  ISBN =         "0-201-09591-2",
  ISBN =         "0-201-09689-7",
  ISBN =         "0-201-09696-X",
  ISBN =         "0-201-09720-6",
  ISBN =         "0-201-10174-2",
  ISBN =         "0-201-10174-2",
  ISBN =         "0-201-10179-3",
  ISBN =         "0-201-10179-3",
  ISBN =         "0-201-10331-1",
  ISBN =         "0-201-10381-8",
  ISBN =         "0-201-10745-7",
  ISBN =         "0-201-10877-1",
  ISBN =         "0-201-11114-4",
  ISBN =         "0-201-11537-9",
  ISBN =         "0-201-11603-0",
  ISBN =         "0-201-11749-5",
  ISBN =         "0-201-11938-2",
  ISBN =         "0-201-11941-2",
  ISBN =         "0-201-11982-X",
  ISBN =         "0-201-12008-9",
  ISBN =         "0-201-12078-X",
  ISBN =         "0-201-12110-7",
  ISBN =         "0-201-12584-6",
  ISBN =         "0-201-12593-5",
  ISBN =         "0-201-12649-4",
  ISBN =         "0-201-12792-X",
  ISBN =         "0-201-12910-8",
  ISBN =         "0-201-12920-5",
  ISBN =         "0-201-13046-7",
  ISBN =         "0-201-13437-3",
  ISBN =         "0-201-13437-3",
  ISBN =         "0-201-13438-1",
  ISBN =         "0-201-13438-1",
  ISBN =         "0-201-13445-4",
  ISBN =         "0-201-13445-4",
  ISBN =         "0-201-13446-2",
  ISBN =         "0-201-13446-2",
  ISBN =         "0-201-13447-0",
  ISBN =         "0-201-13447-0",
  ISBN =         "0-201-13448-9",
  ISBN =         "0-201-13448-9",
  ISBN =         "0-201-13548-5",
  ISBN =         "0-201-14236-8",
  ISBN =         "0-201-14236-8",
  ISBN =         "0-201-14396-8",
  ISBN =         "0-201-14396-8",
  ISBN =         "0-201-14468-9",
  ISBN =         "0-201-15002-6",
  ISBN =         "0-201-15198-7",
  ISBN =         "0-201-15572-9",
  ISBN =         "0-201-15585-0",
  ISBN =         "0-201-15672-5",
  ISBN =         "0-201-15673-3",
  ISBN =         "0-201-15674-1",
  ISBN =         "0-201-15675-X",
  ISBN =         "0-201-15676-8",
  ISBN =         "0-201-15680-6",
  ISBN =         "0-201-15681-4 (hardback), 0-201-15685-7 (paperback)",
  ISBN =         "0-201-15683-0",
  ISBN =         "0-201-15688-1",
  ISBN =         "0-201-15790-X",
  ISBN =         "0-201-15790-X",
  ISBN =         "0-201-15911-2",
  ISBN =         "0-201-16116-8",
  ISBN =         "0-201-16410-8",
  ISBN =         "0-201-16411-6",
  ISBN =         "0-201-16503-1 (hardback), 0-201-16504-X (paperback)",
  ISBN =         "0-201-16520-1",
  ISBN =         "0-201-16579-1 (hardback), 0-201-13232-X (paperback)",
  ISBN =         "0-201-16643-7",
  ISBN =         "0-201-16891-X",
  ISBN =         "0-201-17232-1",
  ISBN =         "0-201-17233-X",
  ISBN =         "0-201-17234-8",
  ISBN =         "0-201-17236-4",
  ISBN =         "0-201-17237-2",
  ISBN =         "0-201-17535-5",
  ISBN =         "0-201-17535-5",
  ISBN =         "0-201-17574-6",
  ISBN =         "0-201-17633-5",
  ISBN =         "0-201-17633-5",
  ISBN =         "0-201-17634-3",
  ISBN =         "0-201-17833-8",
  ISBN =         "0-201-18127-4",
  ISBN =         "0-201-18260-2",
  ISBN =         "0-201-18261-0",
  ISBN =         "0-201-18323-4",
  ISBN =         "0-201-19038-9",
  ISBN =         "0-201-19334-5 (hardback), 0-201-19330-2 (paperback)",
  ISBN =         "0-201-19334-5",
  ISBN =         "0-201-19560-7",
  ISBN =         "0-201-41625-5",
  ISBN =         "0-201-41667-0",
  ISBN =         "0-201-50018-3",
  ISBN =         "0-201-50061-2",
  ISBN =         "0-201-50257-7",
  ISBN =         "0-201-50305-0",
  ISBN =         "0-201-50390-5",
  ISBN =         "0-201-50391-3",
  ISBN =         "0-201-50393-X",
  ISBN =         "0-201-50395-6 (hardback), 0-201-51560-1 (paperback)",
  ISBN =         "0-201-50418-9",
  ISBN =         "0-201-50424-3",
  ISBN =         "0-201-50814-1",
  ISBN =         "0-201-50814-1",
  ISBN =         "0-201-50821-4",
  ISBN =         "0-201-50862-1",
  ISBN =         "0-201-50868-0",
  ISBN =         "0-201-50935-0",
  ISBN =         "0-201-50936-9",
  ISBN =         "0-201-50937-7",
  ISBN =         "0-201-51001-4",
  ISBN =         "0-201-51002-2",
  ISBN =         "0-201-51013-8",
  ISBN =         "0-201-51014-6",
  ISBN =         "0-201-51035-9",
  ISBN =         "0-201-51058-8",
  ISBN =         "0-201-51141-X",
  ISBN =         "0-201-51141-X",
  ISBN =         "0-201-51249-1",
  ISBN =         "0-201-51375-7",
  ISBN =         "0-201-51375-7",
  ISBN =         "0-201-51376-5",
  ISBN =         "0-201-51392-7",
  ISBN =         "0-201-51425-7",
  ISBN =         "0-201-51425-7",
  ISBN =         "0-201-51459-1",
  ISBN =         "0-201-51505-9 (hardback), 0-201-51561-X (paperback)",
  ISBN =         "0-201-51507-5",
  ISBN =         "0-201-51509-1 (hardback), 0-201-51506-7 (paperback)",
  ISBN =         "0-201-51814-7",
  ISBN =         "0-201-52149-0 (hardback), 0-201-52150-4 (paperback)",
  ISBN =         "0-201-52243-8",
  ISBN =         "0-201-52251-9",
  ISBN =         "0-201-52253-5",
  ISBN =         "0-201-52425-2",
  ISBN =         "0-201-52781-2",
  ISBN =         "0-201-52810-X",
  ISBN =         "0-201-52811-8",
  ISBN =         "0-201-52812-6",
  ISBN =         "0-201-52813-4",
  ISBN =         "0-201-52899-1",
  ISBN =         "0-201-53472-X",
  ISBN =         "0-201-53472-X",
  ISBN =         "0-201-53992-6",
  ISBN =         "0-201-54611-6",
  ISBN =         "0-201-54709-0",
  ISBN =         "0-201-54799-6",
  ISBN =         "0-201-54799-6",
  ISBN =         "0-201-54848-8",
  ISBN =         "0-201-55703-7",
  ISBN =         "0-201-55703-7",
  ISBN =         "0-201-56345-2",
  ISBN =         "0-201-56882-9",
  ISBN =         "0-201-57044-0",
  ISBN =         "0-231-05146-8",
  ISBN =         "0-262-01063-1",
  ISBN =         "0-262-01077-1 (MIT Press), 0-07-000422-6",
  ISBN =         "0-262-01102-6",
  ISBN =         "0-262-01114-X",
  ISBN =         "0-262-01123-9 (hardback), 0-262-69146-9 (paperback)",
  ISBN =         "0-262-01124-7",
  ISBN =         "0-262-02182-X",
  ISBN =         "0-262-02192-7",
  ISBN =         "0-262-02226-5",
  ISBN =         "0-262-02266-4",
  ISBN =         "0-262-02317-2",
  ISBN =         "0-262-02334-2",
  ISBN =         "0-262-03141-8",
  ISBN =         "0-262-03167-1",
  ISBN =         "0-262-03171-X",
  ISBN =         "0-262-03181-7",
  ISBN =         "0-262-07083-9",
  ISBN =         "0-262-07106-1",
  ISBN =         "0-262-07130-4",
  ISBN =         "0-262-08143-1",
  ISBN =         "0-262-08157-1",
  ISBN =         "0-262-08159-8",
  ISBN =         "0-262-08183-0",
  ISBN =         "0-262-10045-2",
  ISBN =         "0-262-11139-X",
  ISBN =         "0-262-13205-2",
  ISBN =         "0-262-13235-4",
  ISBN =         "0-262-13252-4",
  ISBN =         "0-262-13257-5",
  ISBN =         "0-262-13263-X",
  ISBN =         "0-262-15039-5",
  ISBN =         "0-262-16082-X",
  ISBN =         "0-262-18117-7",
  ISBN =         "0-262-18143-6",
  ISBN =         "0-262-18145-2 (hardback), 0-262-68069-6 (paperback)",
  ISBN =         "0-262-19229-2 (MIT Press) and 0-07-057290-9",
  ISBN =         "0-262-19250-0",
  ISBN =         "0-262-19277-2",
  ISBN =         "0-262-19285-3",
  ISBN =         "0-262-19288-8",
  ISBN =         "0-262-19301-9",
  ISBN =         "0-262-20087-2",
  ISBN =         "0-262-21009-6",
  ISBN =         "0-262-21009-6",
  ISBN =         "0-262-21009-6",
  ISBN =         "0-262-23096-8",
  ISBN =         "0-262-23117-4",
  ISBN =         "0-262-23139-5 (MIT), 0-07-068147-3 (McGraw-Hill)",
  ISBN =         "0-262-23150-6 (volume two), 0-262-23154-9 (two-volume
                 set)",
  ISBN =         "0-262-23151-4 (volume two), 0-262-23154-9 (two-volume
                 set)",
  ISBN =         "0-262-23152-2",
  ISBN =         "0-262-23157-3",
  ISBN =         "0-262-53071-6 (paper), 0-262-03144-2 (hard)",
  ISBN =         "0-262-56038-0",
  ISBN =         "0-262-58072-1",
  ISBN =         "0-262-58080-2",
  ISBN =         "0-262-58086-1",
  ISBN =         "0-262-61026-4",
  ISBN =         "0-262-66070-9 (paper)",
  ISBN =         "0-262-66071-7",
  ISBN =         "0-316-08275-9",
  ISBN =         "0-387-53775-9",
  ISBN =         "0-387-70001-3",
  ISBN =         "0-387-90144-2, 3-540-90144-2",
  ISBN =         "0-387-96048-1, 3-540-96048-1",
  ISBN =         "0-387-96115-1 and 3-540-96115-1",
  ISBN =         "0-387-96527-0, 3-540-96527-0",
  ISBN =         "0-387-96598-X (New York), 3-540-96598-X (Berlin)",
  ISBN =         "0-387-96608-0",
  ISBN =         "0-387-96689-7 (USA) and 3-540-96689-7 (Germany)",
  ISBN =         "0-387-96780-X",
  ISBN =         "0-387-96915-2",
  ISBN =         "0-387-97145-9",
  ISBN =         "0-387-97562-4, 3-540-97562-4",
  ISBN =         "0-387-97562-4, 3-540-97562-4",
  ISBN =         "0-387-97592-6, 3-540-97592-6",
  ISBN =         "0-387-97592-6, 3-540-97592-6",
  ISBN =         "0-387-97616-7, 3-540-97616-7",
  ISBN =         "0-387-97621-3",
  ISBN =         "0-387-97622-1, 3-540-97622-1",
  OPTISBN =      "0-393-95924-47",
  ISBN =         "0-393-95926-0",
  ISBN =         "0-394-35678-0",
  ISBN =         "0-394-58640-9",
  ISBN =         "0-394-72625-1",
  ISBN =         "0-415-07858-X",
  ISBN =         "0-425-11690-5",
  ISBN =         "0-442-22888-0",
  ISBN =         "0-442-31946-0",
  ISBN =         "0-442-31946-0",
  ISBN =         "0-444-70521-X",
  ISBN =         "0-444-88013-5",
  OPTISBN =      "0-444-88768-8",
  ISBN =         "0-452-25497-3",
  ISBN =         "0-452-25497-3",
  ISBN =         "0-471-53294-0",
  ISBN =         "0-471-61857-8",
  ISBN =         "0-471-61976-0",
  ISBN =         "0-471-81888-7",
  ISBN =         "0-471-83185-9",
  ISBN =         "0-471-87569-4",
  ISBN =         "0-471-92139-4",
  ISBN =         "0-471-92142-4 (Wiley), 3-519-02109-9 (Teubner)",
  ISBN =         "0-471-92910-7",
  ISBN =         "0-521-30811-9",
  ISBN =         "0-521-37490-1",
  ISBN =         "0-521-37490-1",
  ISBN =         "0-521-38475-3 (hardback), 0-521-38622-5 (paperback)",
  ISBN =         "0-521-39338-8 (hardback), 0-521-39732-4 (paperback)",
  ISBN =         "0-534-09198-9",
  ISBN =         "0-672-48440-4",
  ISBN =         "0-673-38574-4",
  ISBN =         "0-673-38574-4",
  ISBN =         "0-673-39773-4",
  ISBN =         "0-691-04264-0",
  ISBN =         "0-7167-2136-8",
  ISBN =         "0-7458-0005-X",
  ISBN =         "0-7458-0148-X",
  ISBN =         "0-7923-0635-X",
  ISBN =         "0-7923-0635-X",
  ISBN =         "0-7923-0875-1",
  ISBN =         "0-7923-0929-4",
  ISBN =         "0-7923-9045-8",
  ISBN =         "0-8053-1601-9",
  ISBN =         "0-8092-4368-7",
  ISBN =         "0-8162-2060-3",
  ISBN =         "0-8186-8931-5",
  ISBN =         "0-8186-8945-5",
  ISBN =         "0-8218-0053-1",
  ISBN =         "0-8218-2997-1",
  ISBN =         "0-8218-2999-8",
  ISBN =         "0-8230-0732-4",
  ISBN =         "0-8230-1320-0",
  ISBN =         "0-8230-1320-0",
  ISBN =         "0-8230-2122-X",
  ISBN =         "0-8230-2122-X",
  ISBN =         "0-8352-1704-3",
  ISBN =         "0-8352-1704-3",
  ISBN =         "0-85484-056-7",
  ISBN =         "0-85484-059-1",
  ISBN =         "0-85484-085-0",
  ISBN =         "0-86094-166-3",
  ISBN =         "0-87484-717-6",
  ISBN =         "0-87850-064-2",
  ISBN =         "0-88175-096-4",
  ISBN =         "0-88275-642-7",
  ISBN =         "0-88385-063-X",
  ISBN =         "0-88385-063-X",
  ISBN =         "0-89303-424-X",
  ISBN =         "0-89303-556-4",
  ISBN =         "0-89579-252-4",
  ISBN =         "0-89588-396-1",
  ISBN =         "0-89588-396-1",
  ISBN =         "0-89838-235-1",
  ISBN =         "0-89871-227-0",
  ISBN =         "0-89871-260-2",
  ISBN =         "0-89871-270-X",
  ISBN =         "0-89871-270-X",
  ISBN =         "0-89871-285-8",
  ISBN =         "0-89871-285-8",
  ISBN =         "0-89871-286-6",
  ISBN =         "0-89871-294-7",
  ISBN =         "0-89871-294-7",
  ISBN =         "0-911971-76-9",
  ISBN =         "0-911971-67-X",
  ISBN =         "0-911971-69-6",
  ISBN =         "0-911971-72-6",
  ISBN =         "0-912704-57-8",
  ISBN =         "0-914894-65-X",
  ISBN =         "0-914930-13-3",
  ISBN =         "0-918035-03-1",
  ISBN =         "0-932376-02-9",
  ISBN =         "0-932376-02-9",
  ISBN =         "0-937073-80-6",
  ISBN =         "0-937175-24-2",
  ISBN =         "0-937175-34-X",
  ISBN =         "0-937175-35-8",
  ISBN =         "0-937175-38-2",
  ISBN =         "0-937175-39-0",
  ISBN =         "0-937175-40-4",
  ISBN =         "0-937175-49-8",
  ISBN =         "0-937175-59-5",
  ISBN =         "0-937175-70-6",
  ISBN =         "0-937175-75-7",
  ISBN =         "0-937175-80-3",
  ISBN =         "0-937175-82-X",
  ISBN =         "0-937175-84-6",
  ISBN =         "0-937175-85-4",
  ISBN =         "0-937175-86-2",
  ISBN =         "0-938151-12-6",
  ISBN =         "0-941447-00-6",
  ISBN =         "0-9614729-8-7",
  ISBN =         "0-534-09192-X",
  ISBN =         "1-55512-022-9",
  ISBN =         "1-55512-069-5",
  ISBN =         "1-55512-106-3",
  ISBN =         "1-55512-135-7",
  ISBN =         "1-55521-198-4",
  ISBN =         "1-55521-198-4",
  ISBN =         "1-55558-033-5",
  ISBN =         "1-55558-034-3",
  ISBN =         "1-55558-041-6 (Digital Press) and 0-13-152414-3",
  ISBN =         "1-55558-048-3",
  ISBN =         "1-55558-051-3",
  ISBN =         "1-55828-016-2",
  ISBN =         "1-55828-029-4",
  ISBN =         "1-55828-059-6",
  ISBN =         "1-55851-057-5",
  ISBN =         "1-55860-069-8",
  ISBN =         "1-55860-069-8",
  ISBN =         "1-56131-016-6, 1-56131-017-4 (paperback)",
  ISBN =         "1-56347-009-8",
  ISBN =         "1-56592-001-5",
  ISBN =         "1-56592-007-4",
  ISBN =         "1-877751-44-8; 1-877751-52-9; 1-877751-53-7",
  ISBN =         "1-878567-01-2",
  ISBN =         "1-878956-07-8",
  ISBN =         "1-878956-07-8",
  ISBN =         "2-7296-0233-X",
  ISBN =         "2-7296-0233-X",
  ISBN =         "2-87085-194-4",
  ISBN =         "2-87085-194-4",
  ISBN =         "3-209-01061-7",
  ISBN =         "3-209-01165-6",
  ISBN =         "3-486-21173-0",
  ISBN =         "3-515-04808-1",
  ISBN =         "3-519-02279-6",
  ISBN =         "3-519-02488-8",
  ISBN =         "3-519-02499-3",
  ISBN =         "3-519-03047-0",
  ISBN =         "3-519-03507-3",
  ISBN =         "3-540-13920-6, 0-387-13920-6",
  ISBN =         "3-540-16807-9, 0-387-16807-9",
  ISBN =         "3-540-18797-9",
  ISBN =         "3-540-51211-X",
  ISBN =         "3-540-52707-9 and 0-387-52707-9",
  ISBN =         "3-540-54539-5 and 0-387-54539-5",
  ISBN =         "3-540-97003-7",
  ISBN =         "3-7785-1804-6",
  ISBN =         "3-87439-233-3",
  ISBN =         "3-89319-115-1",
  ISBN =         "3-89319-115-1",
  ISBN =         "3-89319-152-6",
  ISBN =         "3-89319-152-6",
  ISBN =         "3-89319-199-2",
  ISBN =         "3-89319-199-2",
  ISBN =         "3-89319-287-5",
  ISBN =         "3-89319-338-3",
  ISBN =         "3-89319-356-1",
  ISBN =         "3-925118-46-2",
  ISBN =         "3-925118-97-7",
  ISBN =         "3-925118-97-7",
  ISBN =         "3-926515-01-5",
  ISBN =         "3-926515-01-5",
  ISBN =         "3-209-01191-5",
  ISBN =         "3-922715-35-4",
  ISBN =         "4-7561-0010-4",
  ISBN =         "4-7561-0405-3",
  ISBN =         "5-02-014712-5",
  ISBN =         "82-90006-07-1",
  ISBN =         "82-90006-09-8",
  ISBN =         "87-550-1635-9",
  ISBN =         "87-550-1636-7",
  ISBN =         "87-550-1637-5",
  ISBN =         "87-550-1638-3",
  ISBN =         "87-550-1639-1",
  ISBN =         "87-7252-089-2",
  ISBN =         "87-7252-089-2",
  ISBN =         "88-08-07838-8",
  ISBN =         "88-203-1931-4",
  ISBN =         "88-203-1932-2",
  ISBN =         "88-371-0583-5",
  ISBN =         "88-85613-20-9",
  ISBN =         "88-85613-28-4",
  ISBN =         "90-6789-151-7",
  ISBN =         "90-247-3220-4",
  ISBN =         "90-6196-357-5",
  ISBN =         "90-6196-357-5",
  ISBN =         "90-6980-015-2",
  ISBN =         "91-7346-218-7",
  ISBN =         "91-7868-226-6",
  ISBN =         "91-7900-417-2",
  ISBN =         "91-7900-635-3",
  ISBN =         "91-7900-753-8",
  ISBN =         "91-7970-241-4",
  ISBN =         "981-02-0915-0",
  ISBN =         "0-201-56882-9",
  ISBN =         "not yet available",
  ISBN =         "",
  comment =      "The following ISBN values have errors in them
                 introduced by perturbing the first digit.",
  ISBN =         "1-241-13267-3",
  ISBN =         "2 500 8022 1",
  ISBN =         "3-85331-623-6",
  ISBN =         "4-913720-72-0",
  ISBN =         "5-94890-572-7",
  ISBN =         "6 948905 76 X",
  ISBN =         "7-03-063892-5",
  ISBN =         "80-7008-845-4",
  ISBN =         "90-70088-45-4",
  ISBN =         "X-07-021623-1",
  ISBN =         "1-07-026751-0",
  ISBN =         "2-07-033508-7",
  ISBN =         "3-07-039006-1 (hardback), 4-07-039002-9 (paperback)",
  ISBN =         "5-07-043109-4",
  ISBN =         "607-8816-45-9",
  ISBN =         "7-07-015557-7",
  ISBN =         "80-8030-713-2",
  ISBN =         "91-20-79062-9",
  ISBN =         "X-12-117645-2",
  ISBN =         "1-121-17650-9",
  ISBN =         "2-12-117650-9",
  comment =      "The following ISBN values have the wrong number of
                 digits.",
  ISBN =         "2",
  ISBN =         "2-1",
  ISBN =         "2-12",
  ISBN =         "2-12-1",
  ISBN =         "2-12-11",
  ISBN =         "2-12-117",
  ISBN =         "2-12-1176",
  ISBN =         "2-12-11765",
  ISBN =         "2-12-117650",
  ISBN =         "2-1-211-76509-X",
}
