%% /u/sy/beebe/tex/bibclean/2-11/testcodn.org, Sun Apr 28 09:01:10 1996
%% Edit by Nelson H. F. Beebe <beebe@plot79.math.utah.edu>

@Article{good-CODEN,
  comment =      "The following CODEN values are valid",
  CODEN =        "AAAAE6",
  CODEN =        "AACRAT",
  CODEN =        "AAFMAT",
  CODEN =        "AAICAE",
  CODEN =        "AALEE5",
  CODEN =        "AAMADV",
  CODEN =        "AAPBBD",
  CODEN =        "AARIA9",
  CODEN =        "AASTAD",
  CODEN =        "ABACEJ",
  CODEN =        "ABBIA4",
  CODEN =        "ABBPAP",
  CODEN =        "ABMECF",
  CODEN =        "ACACBN",
  CODEN =        "ACACEQ",
  CODEN =        "ACCSCE",
  CODEN =        "ACCYDX",
  CODEN =        "ACMAA8",
  CODEN =        "ACMJB2",
  CODEN =        "ACMSCU",
  CODEN =        "ACMTAV",
  CODEN =        "ACNRCW",
  CODEN =        "ACPZAU",
  CODEN =        "ACRABY",
  CODEN =        "ACVMAL",
  CODEN =        "ADIMEZ",
  CODEN =        "ADMOAN",
  CODEN =        "ADMTA4",
  CODEN =        "ADVBAT",
  CODEN =        "ADVMEW",
  CODEN =        "AEDEER",
  CODEN =        "AEDSAV",
  CODEN =        "AEMABN",
  CODEN =        "AEMIDF",
  CODEN =        "AERAAD",
  CODEN =        "AESODT",
  CODEN =        "AESWEK",
  CODEN =        "AHCOE5",
  CODEN =        "AHPBAR",
  CODEN =        "AHSUAV",
  CODEN =        "AIAJAH",
  CODEN =        "AIFUA7",
  CODEN =        "AINFA2",
  CODEN =        "AINTBB",
  CODEN =        "AISJB6",
  CODEN =        "AJAEBA",
  CODEN =        "AJCLD9",
  CODEN =        "AJCPAI",
  CODEN =        "AJMAAN",
  CODEN =        "AJPCAA",
  CODEN =        "AJPHAP",
  CODEN =        "AJPIAS",
  CODEN =        "AJSOAR",
  CODEN =        "ALGOBG",
  CODEN =        "ALGOEJ",
  CODEN =        "ALLCB5",
  CODEN =        "ALNBAB",
  CODEN =        "ALPSE8",
  CODEN =        "ALSHAK",
  CODEN =        "AMACCQ",
  CODEN =        "AMEAE8",
  CODEN =        "AMHCBQ",
  CODEN =        "AMICCW",
  CODEN =        "AMLEEL",
  CODEN =        "AMMYAE",
  CODEN =        "AMNOAN",
  CODEN =        "AMNTA4",
  CODEN =        "AMOMBN",
  CODEN =        "AMPSAB",
  CODEN =        "AMREAD",
  CODEN =        "AMSCAC",
  CODEN =        "ANBCA2",
  CODEN =        "ANCHAM",
  CODEN =        "ANJOAA",
  CODEN =        "ANMAAH",
  CODEN =        "ANMAEL",
  CODEN =        "ANMBCM",
  CODEN =        "ANNSA8",
  CODEN =        "ANYAA9",
  CODEN =        "AOREEV",
  CODEN =        "APANCC",
  CODEN =        "APBYAE",
  CODEN =        "APITE4",
  CODEN =        "APLQD9",
  CODEN =        "APMTAK",
  CODEN =        "APOPAI",
  CODEN =        "APPHE3",
  CODEN =        "APPLAB",
  CODEN =        "APSSBE",
  CODEN =        "APSTAG",
  CODEN =        "ARBOAW",
  CODEN =        "ARCBE2",
  CODEN =        "AREDEI",
  CODEN =        "AREOAD",
  CODEN =        "ARGSB2",
  CODEN =        "ARITBF",
  CODEN =        "ARMSCX",
  CODEN =        "ARNSD5",
  CODEN =        "ARPHAD",
  CODEN =        "ASFPDV",
  CODEN =        "ASJOAB",
  CODEN =        "ASLPAO",
  CODEN =        "ASNAAN",
  CODEN =        "ASRSDW",
  CODEN =        "ASTAAJ",
  CODEN =        "ASTSC7",
  CODEN =        "ASTTA8",
  CODEN =        "ATCAA9",
  CODEN =        "ATDSD3",
  CODEN =        "ATENBP",
  CODEN =        "ATGRDF",
  CODEN =        "ATISET",
  CODEN =        "ATOSDO",
  CODEN =        "ATPSDT",
  CODEN =        "AUJPAS",
  CODEN =        "AURCAT",
  CODEN =        "AVRMAW",
  CODEN =        "AWIFA7",
  CODEN =        "AWREDI",
  CODEN =        "BAMOAD",
  CODEN =        "BASICR",
  CODEN =        "BBACAQ",
  CODEN =        "BBIADT",
  CODEN =        "BBPCAX",
  CODEN =        "BBRCA9",
  CODEN =        "BCBIEQ",
  CODEN =        "BCHSEI",
  CODEN =        "BCPCA6",
  CODEN =        "BCSTB5",
  CODEN =        "BECTA6",
  CODEN =        "BEITD5",
  CODEN =        "BEVEDP",
  CODEN =        "BGDQAG",
  CODEN =        "BIBUBX",
  CODEN =        "BICHAW",
  CODEN =        "BICIAZ",
  CODEN =        "BICMBE",
  CODEN =        "BICYAF",
  CODEN =        "BIINDF",
  CODEN =        "BIJOAK",
  CODEN =        "BIJODN",
  CODEN =        "BIOEEJ",
  CODEN =        "BIOJAU",
  CODEN =        "BIOKAX",
  CODEN =        "BIOMB6",
  CODEN =        "BIOPAE",
  CODEN =        "BIORAK",
  CODEN =        "BISNAS",
  CODEN =        "BITTEL",
  CODEN =        "BIZBAR",
  CODEN =        "BIZEB3",
  CODEN =        "BJCAAI",
  CODEN =        "BJMRDK",
  CODEN =        "BJMSAK",
  CODEN =        "BLCEDD",
  CODEN =        "BLOOAW",
  CODEN =        "BLRRDP",
  CODEN =        "BMBIES",
  CODEN =        "BMFRA3",
  CODEN =        "BMSSB4",
  CODEN =        "BMTBAP",
  CODEN =        "BOMBB5",
  CODEN =        "BOMIET",
  CODEN =        "BRCPAH",
  CODEN =        "BRHLAU",
  CODEN =        "BRMCEW",
  CODEN =        "BRPTDT",
  CODEN =        "BSECBU",
  CODEN =        "BSMFAA",
  CODEN =        "BSMHBH",
  CODEN =        "BSMSAF",
  CODEN =        "BSSYAT",
  CODEN =        "BSTJAN",
  CODEN =        "BSYMBO",
  CODEN =        "BTCHDA",
  CODEN =        "BUWEA3",
  CODEN =        "BYTEDJ",
  CODEN =        "CACMA2",
  CODEN =        "CAIDA5",
  CODEN =        "CAMRE3",
  CODEN =        "CANED2",
  CODEN =        "CANMER",
  CODEN =        "CASSI6",
  CODEN =        "CBIIEV",
  CODEN =        "CBIODE",
  CODEN =        "CBMDAW",
  CODEN =        "CBMRB7",
  CODEN =        "CBPBB8",
  CODEN =        "CBPCEE",
  CODEN =        "CBRPDS",
  CODEN =        "CCCTD6",
  CODEN =        "CCEJEL",
  CODEN =        "CCENDW",
  CODEN =        "CCOMDB",
  CODEN =        "CCRED2",
  CODEN =        "CCROAT",
  CODEN =        "CCUJEX",
  CODEN =        "CDDEE8",
  CODEN =        "CDWOEV",
  CODEN =        "CECADV",
  CODEN =        "CEJOE7",
  CODEN =        "CELLB5",
  CODEN =        "CELREQ",
  CODEN =        "CENGAX",
  CODEN =        "CESIEY",
  CODEN =        "CEXIAL",
  CODEN =        "CFSBEK",
  CODEN =        "CGFODY",
  CODEN =        "CGISES",
  CODEN =        "CGMPE5",
  CODEN =        "CGOSDN",
  CODEN =        "CGRADI",
  CODEN =        "CGTNAU",
  CODEN =        "CGWODH",
  CODEN =        "CHASAP",
  CODEN =        "CHEDAY",
  CODEN =        "CHKWEN",
  CODEN =        "CHMBAY",
  CODEN =        "CHPLBC",
  CODEN =        "CHRLEP",
  CODEN =        "CILSEN",
  CODEN =        "CINDDL",
  CODEN =        "CINUD4",
  CODEN =        "CIRUAL",
  CODEN =        "CIUNEJ",
  CODEN =        "CJBBDU",
  CODEN =        "CJEEEL",
  CODEN =        "CJISDE",
  CODEN =        "CJMAAB",
  CODEN =        "CJMIAZ",
  CODEN =        "CJPHAD",
  CODEN =        "CLDFAT",
  CODEN =        "CLHAD3",
  CODEN =        "CLMCAV",
  CODEN =        "CLSRE8",
  CODEN =        "CMAPDK",
  CODEN =        "CMBUA9",
  CODEN =        "CMCYEO",
  CODEN =        "CMENEZ",
  CODEN =        "CMERA9",
  CODEN =        "CMMECC",
  CODEN =        "CMMEEE",
  CODEN =        "CMMPA9",
  CODEN =        "CMORAP",
  CODEN =        "CMOTDY",
  CODEN =        "CMPBEK",
  CODEN =        "CMPDAM",
  CODEN =        "CMPHAY",
  CODEN =        "CMPHC2",
  CODEN =        "CMPJA6",
  CODEN =        "CMPMAF",
  CODEN =        "CMPWAB",
  CODEN =        "CMRED4",
  CODEN =        "CMSTCJ",
  CODEN =        "CMSVAN",
  CODEN =        "CMSYE2",
  CODEN =        "CMUCAA",
  CODEN =        "CMUJDY",
  CODEN =        "CNEVEW",
  CODEN =        "CNISE9",
  CODEN =        "CNOMEL",
  CODEN =        "COABER",
  CODEN =        "COATBA",
  CODEN =        "COBUAH",
  CODEN =        "COCBE3",
  CODEN =        "COCHDK",
  CODEN =        "COCOD7",
  CODEN =        "COGDET",
  CODEN =        "COGRD2",
  CODEN =        "COHUAD",
  CODEN =        "COLADA",
  CODEN =        "COLAEB",
  CODEN =        "COLJD3",
  CODEN =        "COMBDI",
  CODEN =        "COMEDR",
  CODEN =        "COMGDX",
  CODEN =        "COMHAX",
  CODEN =        "COMIE6",
  CODEN =        "COMLEF",
  CODEN =        "COMPER",
  CODEN =        "COMSE2",
  CODEN =        "COPIEL",
  CODEN =        "COSEEO",
  CODEN =        "COSPDM",
  CODEN =        "COSTCX",
  CODEN =        "CPAUAJ",
  CODEN =        "CPBTAL",
  CODEN =        "CPCIBS",
  CODEN =        "CPCLE6",
  CODEN =        "CPCPAI",
  CODEN =        "CPDIDZ",
  CODEN =        "CPEXEI",
  CODEN =        "CPFLBI",
  CODEN =        "CPGRA6",
  CODEN =        "CPHCBZ",
  CODEN =        "CPHREF",
  CODEN =        "CPHYE2",
  CODEN =        "CPLIE8",
  CODEN =        "CPMAMV",
  CODEN =        "CPMTA8",
  CODEN =        "CPPNB6",
  CODEN =        "CPSEDU",
  CODEN =        "CPTRB4",
  CODEN =        "CQGRDG",
  CODEN =        "CQMAAQ",
  CODEN =        "CRASEV",
  CODEN =        "CRBRAT",
  CODEN =        "CRCHE8",
  CODEN =        "CRGRDN",
  CODEN =        "CRLIAI",
  CODEN =        "CRPFEX",
  CODEN =        "CRVMAC",
  CODEN =        "CRYPE6",
  CODEN =        "CSCIAE",
  CODEN =        "CSDADW",
  CODEN =        "CSFUDY",
  CODEN =        "CSHSAZ",
  CODEN =        "CSINET",
  CODEN =        "CSMNEF",
  CODEN =        "CSPLEO",
  CODEN =        "CSSCDB",
  CODEN =        "CSSEEI",
  CODEN =        "CSTAEB",
  CODEN =        "CSTIEZ",
  CODEN =        "CSYND6",
  CODEN =        "CTCRAE",
  CODEN =        "CTDBA5",
  CODEN =        "CTMEET",
  CODEN =        "CTPHDI",
  CODEN =        "CTRAA4",
  CODEN =        "CUBLE2",
  CODEN =        "CUGED5",
  CODEN =        "CUMIDD",
  CODEN =        "CUOBE3",
  CODEN =        "CUSCAM",
  CODEN =        "CVGPDB",
  CODEN =        "CVIUF4",
  CODEN =        "CWLJDP",
  CODEN =        "CYBNAW",
  CODEN =        "CYTOAN",
  CODEN =        "CYTODQ",
  CODEN =        "CYTZAM",
  CODEN =        "CZMJAE",
  CODEN =        "DACODM",
  CODEN =        "DAMADU",
  CODEN =        "DANKAS",
  CODEN =        "DBANAD",
  CODEN =        "DBMSEO",
  CODEN =        "DCEBE8",
  CODEN =        "DCGEER",
  CODEN =        "DDJOEB",
  CODEN =        "DEBIAO",
  CODEN =        "DEMADO",
  CODEN =        "DESUED",
  CODEN =        "DEVPED",
  CODEN =        "DFFNAW",
  CODEN =        "DGDFA5",
  CODEN =        "DGNTDW",
  CODEN =        "DHSTEV",
  CODEN =        "DHWHAB",
  CODEN =        "DIEQAN",
  CODEN =        "DIGNAO",
  CODEN =        "DIRVE5",
  CODEN =        "DJTGEB",
  CODEN =        "DKENEW",
  CODEN =        "DNAADR",
  CODEN =        "DNSEES",
  CODEN =        "DPCOEQ",
  CODEN =        "DSINE6",
  CODEN =        "DSJOEE",
  CODEN =        "DSMHA4",
  CODEN =        "DSSYDK",
  CODEN =        "DTBSDQ",
  CODEN =        "DTGDE7",
  CODEN =        "DTMNAT",
  CODEN =        "DUMJAO",
  CODEN =        "EAPPEY",
  CODEN =        "ECJSER",
  CODEN =        "ECMTA7",
  CODEN =        "ECREAL",
  CODEN =        "EDNSBH",
  CODEN =        "EDNSBM",
  CODEN =        "EFMEAH",
  CODEN =        "EIVKAX",
  CODEN =        "EJABDD",
  CODEN =        "EJBCAI",
  CODEN =        "EJCBDN",
  CODEN =        "EJCBEO",
  CODEN =        "EJNMEA",
  CODEN =        "EJOCDI",
  CODEN =        "EJORDT",
  CODEN =        "EJPREZ",
  CODEN =        "EKRKAR",
  CODEN =        "ELCTDN",
  CODEN =        "ELEADA",
  CODEN =        "ELLEAK",
  CODEN =        "ELLIDZ",
  CODEN =        "ELMMAF",
  CODEN =        "ELNEAU",
  CODEN =        "ELNTA7",
  CODEN =        "ELODAW",
  CODEN =        "ELRAA4",
  CODEN =        "EMIREL",
  CODEN =        "EMJODG",
  CODEN =        "ENDEAS",
  CODEN =        "ENMAAR",
  CODEN =        "ENPOEK",
  CODEN =        "EOCMEO",
  CODEN =        "EONLE8",
  CODEN =        "EPEBD7",
  CODEN =        "EPMEAJ",
  CODEN =        "EPODEU",
  CODEN =        "ERGOAX",
  CODEN =        "ERMGB6",
  CODEN =        "ESBIAV",
  CODEN =        "ESTHAG",
  CODEN =        "ETTIEU",
  CODEN =        "ETTTET",
  CODEN =        "EWWWE6",
  CODEN =        "EXEEE5",
  CODEN =        "EXMYD2",
  CODEN =        "EXPEAM",
  CODEN =        "EXPSAU",
  CODEN =        "EXSEE7",
  CODEN =        "EYPRE4",
  CODEN =        "FAJOEC",
  CODEN =        "FASRDV",
  CODEN =        "FEADEU",
  CODEN =        "FEBLAL",
  CODEN =        "FEBPBY",
  CODEN =        "FEPRA7",
  CODEN =        "FIBQAU",
  CODEN =        "FMLED7",
  CODEN =        "FMREE4",
  CODEN =        "FODMD5",
  CODEN =        "FORBA5",
  CODEN =        "FORTAP",
  CODEN =        "FSSYD8",
  CODEN =        "FUJTAR",
  CODEN =        "FUMAAJ",
  CODEN =        "GAMOE4",
  CODEN =        "GEDEEP",
  CODEN =        "GENED6",
  CODEN =        "GENTAE",
  CODEN =        "GLSEED",
  CODEN =        "GLYCE3",
  CODEN =        "GNMCEP",
  CODEN =        "GPYSA7",
  CODEN =        "GRGVA8",
  CODEN =        "GRWAAP",
  CODEN =        "HABRAX",
  CODEN =        "HAEMAX",
  CODEN =        "HALEAA",
  CODEN =        "HALRAF",
  CODEN =        "HAMAA3",
  CODEN =        "HCMYAL",
  CODEN =        "HIMADS",
  CODEN =        "HJICAI",
  CODEN =        "HJKHDC",
  CODEN =        "HLTPAO",
  CODEN =        "HPJOAX",
  CODEN =        "HUBIAA",
  CODEN =        "HUFAA6",
  CODEN =        "HUHEAS",
  CODEN =        "HUNEDR",
  CODEN =        "HVERAP",
  CODEN =        "HYPRAX",
  CODEN =        "IAPMEZ",
  CODEN =        "IBMBES",
  CODEN =        "IBMJAE",
  CODEN =        "IBMSA7",
  CODEN =        "IBMTAA",
  CODEN =        "ICCBAF",
  CODEN =        "ICGADZ",
  CODEN =        "ICHPCG",
  CODEN =        "ICOEEK",
  CODEN =        "ICOMD9",
  CODEN =        "ICSAES",
  CODEN =        "ICSYBT",
  CODEN =        "IDXRA5",
  CODEN =        "IEANEP",
  CODEN =        "IEARAX",
  CODEN =        "IEBEAX",
  CODEN =        "IECMBT",
  CODEN =        "IECTAF",
  CODEN =        "IEEDAB",
  CODEN =        "IEEDEF",
  CODEN =        "IEEECA",
  CODEN =        "IEEPAD",
  CODEN =        "IEERAJ",
  CODEN =        "IEESAM",
  CODEN =        "IEEWAY",
  CODEN =        "IEITEF",
  CODEN =        "IEJQA7",
  CODEN =        "IEMGAQ",
  CODEN =        "IEMIDZ",
  CODEN =        "IEPCBU",
  CODEN =        "IERNE8",
  CODEN =        "IESEDJ",
  CODEN =        "IESOEG",
  CODEN =        "IETAA9",
  CODEN =        "IETABA",
  CODEN =        "IETDAI",
  CODEN =        "IETIAX",
  CODEN =        "IETMAB",
  CODEN =        "IETPAK",
  CODEN =        "IETTAW",
  CODEN =        "IFCAE3",
  CODEN =        "IFCEBC",
  CODEN =        "IFCNA4",
  CODEN =        "IFCSEN",
  CODEN =        "IFDBEB",
  CODEN =        "IFESEX",
  CODEN =        "IFPLAT",
  CODEN =        "IFSRAS",
  CODEN =        "IGRSD2",
  CODEN =        "IHPRBS",
  CODEN =        "IHSCEZ",
  CODEN =        "IICOEW",
  CODEN =        "IIOMEI",
  CODEN =        "IJAEDW",
  CODEN =        "IJANDP",
  CODEN =        "IJARE4",
  CODEN =        "IJAUED",
  CODEN =        "IJBBBQ",
  CODEN =        "IJBBFU",
  CODEN =        "IJBOBV",
  CODEN =        "IJCIAH",
  CODEN =        "IJCMAT",
  CODEN =        "IJCOAZ",
  CODEN =        "IJCTEK",
  CODEN =        "IJCVEQ",
  CODEN =        "IJDBE5",
  CODEN =        "IJEBA6",
  CODEN =        "IJEEAF",
  CODEN =        "IJHMAK",
  CODEN =        "IJHYEQ",
  CODEN =        "IJISED",
  CODEN =        "IJMEBM",
  CODEN =        "IJMMBC",
  CODEN =        "IJMPDN",
  CODEN =        "IJMPEO",
  CODEN =        "IJMTAW",
  CODEN =        "IJNADH",
  CODEN =        "IJNFDW",
  CODEN =        "IJNMBH",
  CODEN =        "IJPBEV",
  CODEN =        "IJPPE5",
  CODEN =        "IJQBDZ",
  CODEN =        "IJQCB2",
  CODEN =        "IJQSAF",
  CODEN =        "IJQSDI",
  CODEN =        "IJRAE4",
  CODEN =        "IJRBE7",
  CODEN =        "IJSAE9",
  CODEN =        "IJSCBC",
  CODEN =        "IJSYA9",
  CODEN =        "IJSZEG",
  CODEN =        "IJTPBM",
  CODEN =        "IMCSE4",
  CODEN =        "IMPAEF",
  CODEN =        "IMPDEO",
  CODEN =        "IMPEER",
  CODEN =        "IMSIEK",
  CODEN =        "IMTHAI",
  CODEN =        "IMTHBJ",
  CODEN =        "INFAC4",
  CODEN =        "INFCDB",
  CODEN =        "INFCEC",
  CODEN =        "INFRCL",
  CODEN =        "INFTCR",
  CODEN =        "INFWE4",
  CODEN =        "INPEEY",
  CODEN =        "INSKDW",
  CODEN =        "INSYD6",
  CODEN =        "INWODU",
  CODEN =        "IPDAD9",
  CODEN =        "IPDTEX",
  CODEN =        "IPETD3",
  CODEN =        "IPJIEI",
  CODEN =        "IPMADK",
  CODEN =        "IPPADZ",
  CODEN =        "IPPDDA",
  CODEN =        "IPPRDI",
  CODEN =        "IPRODJ",
  CODEN =        "IRAMEB",
  CODEN =        "IRCYAJ",
  CODEN =        "IRELAO",
  CODEN =        "IRITAY",
  CODEN =        "IRLAAQ",
  CODEN =        "IRMGBG",
  CODEN =        "ISACEM",
  CODEN =        "ISIJBC",
  CODEN =        "ISISA4",
  CODEN =        "ISJMAP",
  CODEN =        "ISOTE7",
  CODEN =        "ISUDX8",
  CODEN =        "ISYMAW",
  CODEN =        "ISYSDJ",
  CODEN =        "ITADAS",
  CODEN =        "ITBTEH",
  CODEN =        "ITCEDA",
  CODEN =        "ITCOB4",
  CODEN =        "ITCSDI",
  CODEN =        "ITDSEO",
  CODEN =        "ITKEEH",
  CODEN =        "ITLBDC",
  comment =      "These CODEN are correct, except that they have been
                 converted to lower case",
  CODEN =        "itmeer",
  CODEN =        "itmgex",
  CODEN =        "itmid4",
  CODEN =        "itnnep",
  CODEN =        "itpidj",
  CODEN =        "itpred",
  CODEN =        "itpseg",
  CODEN =        "itrdde",
  CODEN =        "iumjab",
  CODEN =        "ivjodl",
  CODEN =        "iweea4",
  CODEN =        "izamat",
  CODEN =        "jacgar",
  CODEN =        "jacoah",
  CODEN =        "jacsat",
  CODEN =        "jactaw",
  CODEN =        "jaecet",
  CODEN =        "jahsak",
  CODEN =        "jalga4",
  CODEN =        "jalsa6",
  CODEN =        "jamaap",
  CODEN =        "jamads",
  CODEN =        "jamcav",
  CODEN =        "jammdu",
  CODEN =        "japgbp",
  CODEN =        "japiau",
  CODEN =        "jareew",
  CODEN =        "jasman",
  CODEN =        "jatsdf",
  CODEN =        "jaumax",
  CODEN =        "jaxtaz",
  CODEN =        "jbbmdg",
  CODEN =        "jbcha3",
  CODEN =        "jbditd",
  CODEN =        "jbmrej",
  CODEN =        "jbsdd6",
  CODEN =        "jcaleg",
  CODEN =        "jcamdi",
  CODEN =        "jcatd5",
  CODEN =        "jcbta7",
  CODEN =        "jcbtb8",
  CODEN =        "jccee5",
  CODEN =        "jcchdd",
  CODEN =        "jcebd5",
  CODEN =        "jcinao",
  CODEN =        "jcisd8",
  CODEN =        "jcise9",
  CODEN =        "jclba3",
  CODEN =        "jcllax",
  CODEN =        "jcmbdb",
  CODEN =        "jcmiex",
  CODEN =        "jcmmeb",
  CODEN =        "jcmtdv",
  CODEN =        "jcnrev",
  CODEN =        "jcoid8",
  CODEN =        "jcpadn",
  CODEN =        "jcpsa6",
  CODEN =        "jcrgae",
  CODEN =        "jcssbm",
  CODEN =        "jcssep",
  CODEN =        "jcteem",
  CODEN =        "jcthar",
  CODEN =        "jctpah",
  CODEN =        "jdadex",
  CODEN =        "jdeqak",
  CODEN =        "jdgeas",
  CODEN =        "jdimew",
  CODEN =        "jdocas",
  CODEN =        "jdsmaa",
  CODEN =        "jeaiel",
  CODEN =        "jebiam",
  CODEN =        "jeclb3",
  CODEN =        "jecmb6",
  CODEN =        "jedrap",
  CODEN =        "jeemaf",
  CODEN =        "jemied",
  CODEN =        "jemsa5",
  CODEN =        "jenmdt",
  CODEN =        "jepcea",
  CODEN =        "jezoao",
  CODEN =        "jflsa7",
  CODEN =        "jfuaaw",
  CODEN =        "jganeg",
  CODEN =        "jgmian",
  CODEN =        "jgopeo",
  CODEN =        "jgplad",
  CODEN =        "jgrea2",
  CODEN =        "jgthdo",
  CODEN =        "jhaddq",
  CODEN =        "jicye5",
  CODEN =        "jietau",
  CODEN =        "jipea6",
  CODEN =        "jiprde",
  CODEN =        "jirral",
  CODEN =        "jiscdi",
  CODEN =        "jjatdk",
  CODEN =        "jjgpd4",
  CODEN =        "jjind8",
  CODEN =        "jlcmak",
  CODEN =        "jllien",
  CODEN =        "jlmsak",
  CODEN =        "jlpre2",
  CODEN =        "jmanak",
  CODEN =        "jmapaq",
  CODEN =        "jmbbbo",
  CODEN =        "jmblaj",
  CODEN =        "jmdeec",
  CODEN =        "jmevau",
  CODEN =        "jmiado",
  CODEN =        "jmivek",
  CODEN =        "jmkyaz",
  CODEN =        "jmobak",
  CODEN =        "jmopew",
  CODEN =        "jmpaam",
  CODEN =        "jmpha9",
  CODEN =        "jmrae2",
  CODEN =        "jmrmd3",
  CODEN =        "jmtaa8",
  CODEN =        "jmvaai",
  CODEN =        "jnbbau",
  CODEN =        "jnbcax",
  CODEN =        "jnbraa",
  CODEN =        "jnciam",
  CODEN =        "jncieq",
  CODEN =        "jncme4",
  CODEN =        "jncsai",
  CODEN =        "jnrsds",
  CODEN =        "jnuta9",
  CODEN =        "joaldv",
  CODEN =        "joamav",
  CODEN =        "joaod6",
  CODEN =        "jobaay",
  CODEN =        "jobiao",
  CODEN =        "jobpde",
  CODEN =        "jobsdn",
  CODEN =        "jocma7",
  CODEN =        "jocreq",
  CODEN =        "johea8",
  CODEN =        "jomman",
  CODEN =        "jomra4",
  CODEN =        "jonea4",
  CODEN =        "jonra9",
  CODEN =        "joopec",
  CODEN =        "jopad5",
  CODEN =        "jophan",
  CODEN =        "josaah",
  CODEN =        "josha4",
  CODEN =        "josmar",
  CODEN =        "josued",
  CODEN =        "jotabn",
  CODEN =        "joviam",
  CODEN =        "jpama4",
  CODEN =        "jpbpdl",
  CODEN =        "jpchd2",
  CODEN =        "jpdcer",
  CODEN =        "jpepe3",
  CODEN =        "jpetab",
  CODEN =        "jpgedd",
  CODEN =        "jphac5",
  CODEN =        "jphnb9",
  CODEN =        "jphya7",
  CODEN =        "jpiedn",
  CODEN =        "jqsrae",
  CODEN =        "jqutau",
  CODEN =        "jrarax",
  CODEN =        "jrcee8",
  CODEN =        "jrcpa3",
  CODEN =        "jrmaa8",
  CODEN =        "jrmab9",
  CODEN =        "jrnaad",
  CODEN =        "jrnbag",
  CODEN =        "jsbiem",
  CODEN =        "jscsaj",
  CODEN =        "jsimav",
  CODEN =        "jsinay",
  CODEN =        "jsirac",
  CODEN =        "jsomar",
  CODEN =        "jspueq",
  CODEN =        "jssaef",
  CODEN =        "jssie5",
  CODEN =        "jssodm",
  CODEN =        "jstbaj",
  CODEN =        "jstnal",
  CODEN =        "jstpsb",
  CODEN =        "jsyceh",
  CODEN =        "jsyla6",
  CODEN =        "jsyma9",
  CODEN =        "jtbiap",
  CODEN =        "jtpedi",
  CODEN =        "jvcaeo",
  CODEN =        "jvcre7",
  CODEN =        "jvlce7",
  CODEN =        "jvsped",
  CODEN =        "jwssap",
  CODEN =        "jyceaj",
  CODEN =        "kbrna5",
  CODEN =        "keree3",
  CODEN =        "kerneu",
  CODEN =        "kesea4",
  CODEN =        "kybeap",
  CODEN =        "laapaw",
  CODEN =        "latedt",
  CODEN =        "lcrcao",
  CODEN =        "lcsrea",
  CODEN =        "lfwoe8",
  CODEN =        "linmec",
  CODEN =        "llcoei",
  CODEN =        "lmicdi",
  CODEN =        "lmphdy",
  CODEN =        "lmsbbt",
  CODEN =        "lnbmah",
  CODEN =        "lncsd9",
  CODEN =        "lnmaa2",
  CODEN =        "lnmlaz",
  CODEN =        "lnpha4",
  CODEN =        "lscoex",
  CODEN =        "lssad2",
  CODEN =        "maana3",
  CODEN =        "mabiar",
  CODEN =        "macwea",
  CODEN =        "madeap",
  CODEN =        "magaas",
  CODEN =        "magda3",
  CODEN =        "maindc",
  CODEN =        "maioeg",
  CODEN =        "mamcau",
  CODEN =        "mamga8",
  CODEN =        "marear",
  CODEN =        "mastba",
  CODEN =        "masyes",
  CODEN =        "matged",
  CODEN =        "mazeax",
  CODEN =        "mbceev",
  CODEN =        "mbeveo",
  CODEN =        "mbipdp",
  CODEN =        "mbred3",
  CODEN =        "mcbia7",
  CODEN =        "mcbib8",
  CODEN =        "mcblag",
  CODEN =        "mcebd4",
  CODEN =        "mcedda",
  CODEN =        "mcend6",
  CODEN =        "mcene7",
  CODEN =        "mcmoeg",
  CODEN =        "mcmpaf",
  CODEN =        "mcrlas",
  CODEN =        "mcsidr",
  CODEN =        "mcsye8",
  CODEN =        "mcusey",
  CODEN =        "mdawah",
  CODEN =        "meacbx",
  CODEN =        "medve6",
  CODEN =        "meenah",
  CODEN =        "menzau",
  CODEN =        "mesbel",
  CODEN =        "metaaj",
  CODEN =        "mfkaaf",
  CODEN =        "mggeae",
  CODEN =        "mibldr",
  CODEN =        "mimcai",
  CODEN =        "mimid5",
  CODEN =        "mimja5",
  CODEN =        "miscei",
  CODEN =        "mkscas",
  CODEN =        "mlbb",
  CODEN =        "mmbied",
  CODEN =        "mmbybo",
  CODEN =        "mmdeeb",
  CODEN =        "mmicdt",
  CODEN =        "mmpha8",
  CODEN =        "mmscdb",
  CODEN =        "mnmta2",
  CODEN =        "moeceo",
  CODEN =        "momiee",
  CODEN =        "mopma3",
  CODEN =        "moredq",
  CODEN =        "mosiea",
  CODEN =        "mpcpco",
  CODEN =        "mpevek",
  CODEN =        "mpstdf",
  CODEN =        "mpysa5",
  CODEN =        "mrcod2",
  CODEN =        "mrobeo",
  CODEN =        "msciam",
  CODEN =        "mstmbi",
  CODEN =        "mthca2",
  CODEN =        "mthnb2",
  CODEN =        "mtkaab",
  CODEN =        "mtmnaq",
  CODEN =        "mtscan",
  CODEN =        "mtseat",
  CODEN =        "mttcas",
  CODEN =        "mureav",
  CODEN =        "musbbs",
  CODEN =        "mvbrav",
  CODEN =        "mweeei",
  CODEN =        "mwreab",
  CODEN =        "mycgao",
  CODEN =        "nadoaw",
  CODEN =        "narhad",
  CODEN =        "nasbd3",
  CODEN =        "nasfeg",
  CODEN =        "natuas",
  CODEN =        "natway",
  CODEN =        "nawia7",
  CODEN =        "nbitab",
  CODEN =        "nebie2",
  CODEN =        "nejmag",
  CODEN =        "neredz",
  CODEN =        "nessef",
  CODEN =        "neuceb",
  CODEN =        "nfaddl",
  CODEN =        "nimaer",
  CODEN =        "nnbya7",
  CODEN =        "nneteb",
  CODEN =        "nnobe7",
  CODEN =        "noandd",
  CODEN =        "nrloep",
  CODEN =        "nrlqar",
  CODEN =        "nstbat",
  CODEN =        "ntelap",
  CODEN =        "ntroav",
  CODEN =        "ntwkaa",
  CODEN =        "nualeg",
  CODEN =        "numma7",
  CODEN =        "nupabl",
  CODEN =        "nupbbo",
  CODEN =        "nusaaz",
  CODEN =        "nwscal",
  CODEN =        "nytiao",
  CODEN =        "nzmab7",
  CODEN =        "ocamd5",
  CODEN =        "ocmiek",
  CODEN =        "ocnsdk",
  CODEN =        "ofsyeh",
  CODEN =        "oigjav",
  CODEN =        "omega6",
  CODEN =        "omsoe2",
  CODEN =        "oncnes",
  CODEN =        "onlidn",
  CODEN =        "opacat",
  CODEN =        "opcob8",
  CODEN =        "opcoeb",
  CODEN =        "opegar",
  CODEN =        "opledp",
  CODEN =        "oprea1",
  CODEN =        "oprqak",
  CODEN =        "optzdq",
  CODEN =        "oqeldi",
  CODEN =        "ordyam",
  CODEN =        "orled5",
  CODEN =        "otikaj",
  CODEN =        "pacoej",
  CODEN =        "paisdq",
  CODEN =        "pamyar",
  CODEN =        "papcaa",
  CODEN =        "pbimac",
  CODEN =        "pbliej",
  CODEN =        "pbmea8",
  CODEN =        "pcaua3",
  CODEN =        "pcbrd2",
  CODEN =        "pcmpei",
  CODEN =        "pcpsa4",
  CODEN =        "pcsoda",
  CODEN =        "pcwddv",
  CODEN =        "pcwodu",
  CODEN =        "pdnpdt",
  CODEN =        "peevd9",
  CODEN =        "pemsa3",
  CODEN =        "pepsbj",
  CODEN =        "peredn",
  CODEN =        "pfecdr",
  CODEN =        "pflabk",
  CODEN =        "pharat",
  CODEN =        "phblag",
  CODEN =        "phcbap",
  CODEN =        "phfle6",
  CODEN =        "phjrd9",
  CODEN =        "phmaa4",
  CODEN =        "phrea7",
  CODEN =        "phrvao",
  CODEN =        "phstbo",
  CODEN =        "phtoad",
  CODEN =        "phwoew",
  CODEN =        "physag",
  CODEN =        "pireae",
  CODEN =        "pjmaai",
  CODEN =        "planab",
  CODEN =        "plcmdl",
  CODEN =        "pljued",
  CODEN =        "plmtal",
  CODEN =        "plraan",
  CODEN =        "plrbaq",
  CODEN =        "plsmdx",
  CODEN =        "pmbidb",
  CODEN =        "pmfaa4",
  CODEN =        "pmhaa4",
  CODEN =        "pmosaz",
  CODEN =        "pnasa6",
  CODEN =        "pnende",
  CODEN =        "pnmbaf",
  CODEN =        "podie2",
  CODEN =        "ppexep",
  CODEN =        "ppltee",
  CODEN =        "ppsoau",
  CODEN =        "preaay",
  CODEN =        "preba3",
  CODEN =        "prerel",
  CODEN =        "prgmbd",
  CODEN =        "prgrdu",
  CODEN =        "pricdt",
  CODEN =        "prlaaz",
  CODEN =        "prlba4",
  CODEN =        "prledg",
  CODEN =        "prltao",
  CODEN =        "progd3",
  CODEN =        "prota5",
  CODEN =        "prowae",
  CODEN =        "prplcm",
  CODEN =        "prseae",
  CODEN =        "prslaz",
  CODEN =        "prssdp",
  CODEN =        "prvcan",
  CODEN =        "prvdaq",
  CODEN =        "psdae6",
  CODEN =        "psfgey",
  CODEN =        "psisdg",
  CODEN =        "psmiax",
  CODEN =        "psyma7",
  CODEN =        "ptnra8",
  CODEN =        "ptrbae",
  CODEN =        "ptrdeo",
  CODEN =        "ptrfeu",
  CODEN =        "ptrsav",
  CODEN =        "pwoqdy",
  CODEN =        "pylaag",
  CODEN =        "pylbaj",
  CODEN =        "qamaay",
  CODEN =        "qcbuen",
  CODEN =        "qjmaat",
  CODEN =        "qjmmav",
  CODEN =        "qjmsaf",
  CODEN =        "qjrmam",
  CODEN =        "qrbudp",
  CODEN =        "qsardi",
  CODEN =        "radbe7",
  CODEN =        "rascad",
  CODEN =        "rcmmar",
  CODEN =        "rcmtae",
  CODEN =        "rctjdm",
  CODEN =        "rdigau",
  CODEN =        "refias",
  CODEN =        "reltan",
  CODEN =        "rfaadn",
  CODEN =        "rfands",
  CODEN =        "rfdedg",
  CODEN =        "rjcldq",
  CODEN =        "rmhpbe",
  CODEN =        "rmjmae",
  CODEN =        "rmmaev",
  CODEN =        "rmmgab",
  CODEN =        "rmphat",
  CODEN =        "roagd2",
  CODEN =        "rptwad",
  CODEN =        "rsalfd",
  CODEN =        "rsrod3",
  CODEN =        "rtdvaq",
  CODEN =        "rveebt",
  CODEN =        "saapda",
  CODEN =        "sacje3",
  CODEN =        "samcas",
  CODEN =        "samsec",
  CODEN =        "sanabs",
  CODEN =        "sanbbv",
  CODEN =        "sapmb6",
  CODEN =        "scamac",
  CODEN =        "scebe3",
  CODEN =        "scieas",
  CODEN =        "scipev",
  CODEN =        "scise6",
  CODEN =        "scjaep",
  CODEN =        "scledc",
  CODEN =        "scnebk",
  CODEN =        "scomdh",
  CODEN =        "scpgd4",
  CODEN =        "sejoed",
  CODEN =        "selid4",
  CODEN =        "semybl",
  CODEN =        "sepsbi",
  CODEN =        "sewoea",
  CODEN =        "sfendp",
  CODEN =        "sgbud4",
  CODEN =        "sgnwd2",
  CODEN =        "sidpaa",
  CODEN =        "sigbel",
  CODEN =        "sigmdj",
  CODEN =        "signdm",
  CODEN =        "sigsbz",
  CODEN =        "sigsd3",
  CODEN =        "sijcd4",
  CODEN =        "simua2",
  CODEN =        "simud5",
  CODEN =        "sinodq",
  CODEN =        "siread",
  CODEN =        "sjamdu",
  CODEN =        "sjcodc",
  CODEN =        "sjcsep",
  CODEN =        "sjdba9",
  CODEN =        "sjmaah",
  CODEN =        "sjmael",
  CODEN =        "sjnaam",
  CODEN =        "sjoce3",
  CODEN =        "sjope8",
  CODEN =        "smataz",
  CODEN =        "smcpax",
  CODEN =        "smeped",
  CODEN =        "smjcat",
  CODEN =        "smjmap",
  CODEN =        "smster",
  CODEN =        "snewd6",
  CODEN =        "somadl",
  CODEN =        "soriax",
  CODEN =        "spcoel",
  CODEN =        "spexbl",
  CODEN =        "sphda9",
  CODEN =        "splban",
  CODEN =        "sprodr",
  CODEN =        "sproes",
  CODEN =        "spvieu",
  CODEN =        "srdfed",
  CODEN =        "srecd8",
  CODEN =        "sroldh",
  CODEN =        "srpsd9",
  CODEN =        "ssbde4",
  CODEN =        "sseba9",
  CODEN =        "ssmaac",
  CODEN =        "sssaa8",
  CODEN =        "sstrey",
  CODEN =        "stace3",
  CODEN =        "stopb7",
  CODEN =        "strue6",
  CODEN =        "stscep",
  CODEN =        "sunwdw",
  CODEN =        "surveg",
  CODEN =        "svmda8",
  CODEN =        "sycna9",
  CODEN =        "syine9",
  CODEN =        "taeea5",
  CODEN =        "tamtam",
  CODEN =        "tansao",
  CODEN =        "tbscdb",
  CODEN =        "tbsrdm",
  CODEN =        "tchaam",
  CODEN =        "tcmta2",
  CODEN =        "tcmte6",
  CODEN =        "tcscdi",
  CODEN =        "tereau",
  CODEN =        "tetref",
  CODEN =        "thejd4",
  CODEN =        "tlcmbt",
  CODEN =        "tmisaf",
  CODEN =        "tplgaf",
  CODEN =        "tprbau",
  CODEN =        "trgee2",
  CODEN =        "trmiea",
  CODEN =        "trrebk",
  CODEN =        "trscbj",
  CODEN =        "tsaea9",
  CODEN =        "tsica9",
  CODEN =        "twasde",
  CODEN =        "tymea9",
  CODEN =        "ulccdc",
  CODEN =        "ultrd6",
  CODEN =        "uncoet",
  CODEN =        "unred5",
  CODEN =        "utmada",
  CODEN =        "vaxpen",
  CODEN =        "vicoe5",
  CODEN =        "visram",
  CODEN =        "vslgao",
  CODEN =        "vuese9",
  CODEN =        "wewefp",
  CODEN =        "wiine9",
  CODEN =        "wpklao",
  CODEN =        "wredem",
  CODEN =        "wreraq",
  CODEN =        "wsjoaf",
  CODEN =        "wstee5",
  CODEN =        "wzhlde",
  CODEN =        "wztkay",
  CODEN =        "wztuau",
  CODEN =        "xjouea",
  CODEN =        "xresea",
  CODEN =        "yeasa8",
  CODEN =        "yeste3",
  CODEN =        "zammax",
  CODEN =        "zampdb",
  CODEN =        "zdace2",
  CODEN =        "zmlgaq",
  CODEN =        "zmrrep",
  CODEN =        "zncbda",
  CODEN =        "zoscex",
  CODEN =        "zpaadb",
  CODEN =        "zpbbdj",
  CODEN =        "zpcfd2",
  CODEN =        "zpcmdn",
  CODEN =        "ztvram",
  CODEN =        "zwvgaa",
}

@Article{check-digit-less-CODEN,
  comment =      "The following CODEN are valid, except that they are
                 missing their final check digits (this is common in
                 some library catalogs",
  CODEN =        "AALEE",
  CODEN =        "AASTA",
  CODEN =        "ABACE",
  CODEN =        "ACMSC",
  CODEN =        "ADMOA",
  CODEN =        "AINFA",
  CODEN =        "AINTB",
  CODEN =        "AISJB",
  CODEN =        "AJSOA",
  CODEN =        "ALGOE",
  CODEN =        "ALSHA",
  CODEN =        "AMHCB",
  CODEN =        "ANMAA",
  CODEN =        "ANMAE",
  CODEN =        "AOREE",
  CODEN =        "APLQD",
  CODEN =        "AREOA",
  CODEN =        "ARGSB",
  CODEN =        "ARITB",
  CODEN =        "ASLPA",
  CODEN =        "AURCA",
  CODEN =        "AVTEA",
  CODEN =        "BASIC",
  CODEN =        "BCPCA",
  CODEN =        "BEVED",
  CODEN =        "BITTE",
  CODEN =        "BIZBA",
  CODEN =        "BJMSA",
  CODEN =        "BMFRA",
  CODEN =        "BMSSB",
  CODEN =        "BSMSA",
  CODEN =        "BYTED",
  CODEN =        "CACMA",
  CODEN =        "CAGDE",
  CODEN =        "CAIDA",
  CODEN =        "CCEND",
  CODEN =        "CGFOD",
  CODEN =        "CGRAD",
  CODEN =        "CHKWE",
  CODEN =        "CJISD",
  CODEN =        "CMAPD",
  CODEN =        "CMORA",
  CODEN =        "CMPJA",
  CODEN =        "CMPTA",
  CODEN =        "CMSYE",
  CODEN =        "CNISE",
  CODEN =        "CNOME",
  CODEN =        "COATB",
  CODEN =        "COCOD",
  CODEN =        "COGRD",
  CODEN =        "COHUA",
  CODEN =        "COMHA",
  CODEN =        "COSPD",
  CODEN =        "COSTC",
  CODEN =        "CPAMA",
  CODEN =        "CPHCB",
  CODEN =        "CPLIE",
  CODEN =        "CPTRB",
  CODEN =        "CQMAA",
  CODEN =        "CSAEE",
  CODEN =        "CSTIE",
  CODEN =        "DDJSD",
  CODEN =        "DGRCD",
  CODEN =        "DJTAE",
  CODEN =        "DJTGE",
  CODEN =        "DPCOE",
  CODEN =        "DSINE",
  CODEN =        "DTJOE",
  CODEN =        "DTMNA",
  CODEN =        "ECJSE",
  CODEN =        "ECREA",
  CODEN =        "EKRKA",
  CODEN =        "ELLEA",
  CODEN =        "ELLID",
  CODEN =        "EMODD",
  CODEN =        "EONLE",
  CODEN =        "EPODE",
  CODEN =        "ERMGB",
  CODEN =        "ETTIE",
  CODEN =        "FASRD",
  CODEN =        "FSSYD",
  CODEN =        "FUJTA",
  CODEN =        "GLSEE",
  CODEN =        "HAMAA",
  CODEN =        "HJKHD",
  CODEN =        "HUHEA",
  CODEN =        "IAIEE",
  CODEN =        "ICCBA",
  CODEN =        "ICGAD",
  CODEN =        "ICSAE",
  CODEN =        "ICSYB",
  CODEN =        "IEPCB",
  CODEN =        "IESOE",
  CODEN =        "IFDBE",
  CODEN =        "IFESE",
  CODEN =        "IJARE",
  CODEN =        "IJBOB",
  CODEN =        "IJISE",
  CODEN =        "IJMPE",
  CODEN =        "INFAC",
  CODEN =        "INFTC",
  CODEN =        "INSKD",
  CODEN =        "IPMAD",
  CODEN =        "IRCYA",
  CODEN =        "IRELA",
  CODEN =        "IRLAA",
  CODEN =        "ISIJB",
  CODEN =        "ISUDX",
  CODEN =        "ISYSD",
  CODEN =        "ITBTE",
  CODEN =        "ITMEE",
  CODEN =        "ITPRE",
  CODEN =        "ITPSE",
  CODEN =        "IZAMA",
  CODEN =        "JAUMA",
  CODEN =        "JCAMD",
  CODEN =        "JCTHA",
  CODEN =        "JCTPA",
  CODEN =        "JDOCA",
  CODEN =        "JIRRA",
  CODEN =        "JISCD",
  CODEN =        "JLPRE",
  CODEN =        "JMPHA",
  CODEN =        "JNBRA",
  CODEN =        "JOMMA",
  CODEN =        "JOSHA",
  CODEN =        "JOTAB",
  CODEN =        "JRNBA",
  CODEN =        "JSIMA",
  CODEN =        "JSINA",
  CODEN =        "JSSOD",
  CODEN =        "JSYCE",
  CODEN =        "JVLCE",
  CODEN =        "JWSSA",
  CODEN =        "KESEA",
  CODEN =        "LLCOE",
  CODEN =        "LMICD",
  CODEN =        "MCENE",
  CODEN =        "MCMPA",
  CODEN =        "MCRLA",
  CODEN =        "MCSID",
  CODEN =        "MDMZD",
  CODEN =        "MEORD",
  CODEN =        "MICOE",
  CODEN =        "MIMCA",
  CODEN =        "MIMJA",
  CODEN =        "MKSCA",
  CODEN =        "MMPHA",
  CODEN =        "MOPMA",
  CODEN =        "MSTMB",
  CODEN =        "MTHNB",
  CODEN =        "MTSEA",
  CODEN =        "MTTCA",
  CODEN =        "NADOA",
  CODEN =        "NAWIA",
  CODEN =        "NRLOE",
  CODEN =        "NSTBA",
  CODEN =        "NTROA",
  CODEN =        "NZMAB",
  CODEN =        "OCMIE",
  CODEN =        "ORDYA",
  CODEN =        "OTIKA",
  CODEN =        "PACOE",
  CODEN =        "PCAUA",
  CODEN =        "PNMBA",
  CODEN =        "PPSOA",
  CODEN =        "PRGMB",
  CODEN =        "PROGD",
  CODEN =        "PROWA",
  CODEN =        "PRSEA",
  CODEN =        "PRSLA",
  CODEN =        "PSISD",
  CODEN =        "PSYMA",
  CODEN =        "PTRSA",
  CODEN =        "RDIGA",
  CODEN =        "RMMGA",
  CODEN =        "SAMCA",
  CODEN =        "SEPSB",
  CODEN =        "SGNWD",
  CODEN =        "SIGBE",
  CODEN =        "SIGSB",
  CODEN =        "SINOD",
  CODEN =        "SJCOD",
  CODEN =        "SMJCA",
  CODEN =        "SMSTE",
  CODEN =        "SNEWD",
  CODEN =        "SRDFE",
  CODEN =        "SRECD",
  CODEN =        "SRPSD",
  CODEN =        "SSEJE",
  CODEN =        "STPGE",
  CODEN =        "SVMDA",
  CODEN =        "TAEEA",
  CODEN =        "TANSA",
  CODEN =        "TCSCD",
  CODEN =        "TMISA",
  CODEN =        "TSCSE",
  CODEN =        "TSICA",
  CODEN =        "UNCOE",
  CODEN =        "VICOE",
  CODEN =        "WIINE",
  CODEN =        "WZTUA",
  CODEN =        "YEASA",
  CODEN =        "ZAMMA",
  CODEN =        "ZMRRE",
}

@Article{bad-CODEN,
  comment =      "These CODEN have incorrect check digits.",
  CODEN =        "ITDSEP",
  CODEN =        "ITKEEI",
  CODEN =        "ITLBDD",
  CODEN =        "itmees",
  CODEN =        "itmgey",
  CODEN =        "itmid5",
  comment =      "This is the British Dental Journal CODEN, but the
                 assigned check digit in library catalogs is wrong.",
  CODEN =        "BDJOHJ",
}

@Article{short-CODEN,
  comment =      "These CODEN values are short",
  CODEN =        "I",
  CODEN =        "IT",
  CODEN =        "ITD",
  CODEN =        "ITDS",
  CODEN =        "ITDSE",
}

@Article{long-CODEN,
  comment =      "These CODEN have too many characters",
  CODEN =        "AITDSEO",
  CODEN =        "ABITDSEO",
  CODEN =        "ABCITDSEO",
  CODEN =        "ABCDITDSEO",
  CODEN =        "ABCDEITDSEO",
  CODEN =        "ABCDEFITDSEO",
}
