@Misc{Blow:2013:X01,
  author =       "Joe Blow",
  title =        "A {\booktitle{C}}",
  expect =       "A {\booktitle{C}}",
  year =         "2013",
}

@Misc{Blow:2013:X02,
  author =       "Joe Blow",
  title =        "B {\booktitle {D}}",
  expect =       "B {\booktitle {D}}",
  year =         "2013",
}

@Misc{Blow:2013:X03,
  author =       "Joe Blow",
  title =        "Erwin {\booktitle {Cat}}",
  expect =       "Erwin {\booktitle {Cat}}",
  year =         "2013",
}

@Misc{Blow:2013:X04,
  author =       "Joe Blow",
  title =        "Alpha \booktitle{Cat}",
  expect =       "Alpha \booktitle{Cat}",
  year =         "2013",
}

@Misc{Blow:2013:X05,
  author =       "Joe Blow",
  title =        "Bethe {\booktitle{Cat}}",
  expect =       "Bethe {\booktitle{Cat}}",
  year =         "2013",
}

@Misc{Blow:2013:X06,
  author =       "Joe Blow",
  title =        "Gamow {{\booktitle{Cat}}}",
  expect =       "Gamow {{\booktitle{Cat}}}",
  year =         "2013",
}

@Misc{Blow:2013:X07,
  author =       "Joe Blow",
  title =        "\twoargs{One}{Two}",
  expect =       "\twoargs{One}{Two}",
  year =         "2013",
}

@Misc{Blow:2013:X08,
  author =       "Joe Blow",
  title =        "\twoargs {One}{Two}",
  expect =       "\twoargs {One}{Two}",
  year =         "2013",
}

@Misc{Blow:2013:X09,
  author =       "Joe Blow",
  title =        "\twoargs {One} {Two}",
  expect =       "\twoargs {One} {Two}",
  year =         "2013",
}

@Misc{Blow:2013:X10,
  author =       "Joe Blow",
  title =        "{\twoargs {Un}{Deux}}",
  expect =       "{\twoargs {Un}{Deux}}",
  year =         "2013",
}

@Misc{Blow:2013:X11,
  author =       "Joe Blow",
  title =        "{\twoargs{Een}{Tvaa}}",
  expect =       "{\twoargs{Een}{Tvaa}}",
  year =         "2013",
}

@Misc{Blow:2013:X12,
  author =       "Joe Blow",
  title =        "{{\twoargs {Uno} Dos}}",
  expect =       "{\twoargs {Uno} Dos}",
  year =         "2013",
}

@Misc{Blow:2013:X13,
  author =       "Joe Blow",
  title =        "{{\twoargs{One}{Two}}}",
  expect =       "{{\twoargs{One}{Two}}}",
  year =         "2013",
}

@Misc{Blow:2013:X14,
  author =       "Joe Blow",
  title =        "{{\twoargs {One}{Two}}}",
  expect =       "{{\twoargs {One}{Two}}}",
  year =         "2013",
}

@Misc{Blow:2013:X15,
  author =       "Joe Blow",
  title =        "{{\twoargs {One} Two}}",
  expect =       "{{\twoargs {One} Two}}",
  year =         "2013",
}
